--- STARTING TESTS ---
[Container Tests] Starting comprehensive inventory tests...
Γ£à Container creation: PASSED
[Item] Created:  pocketLayout: null
Γ£à Item creation: PASSED
[Item] Created:  pocketLayout: null
[Item] Created:  pocketLayout: null
[Item] Created:  pocketLayout: null
[Item] Created:  pocketLayout: null
Γ£à isChargeBased method: PASSED
[Item] Created:  pocketLayout: null
[Container] ===== PLACEMENT ATTEMPT =====
[Container] Item:  instanceId: item-1773900513720-hxgisnf
[Container] Target position: (1, 1) Size: 2x1
[Container] Current items in container: 0
[Container] Γ£à SUCCESS: Placed item:  at (1, 1) size: 2x1 instanceId: item-1773900513720-hxgisnf
[Container] Total items now: 1
[Container] Grid occupancy: Row 0: [. . . . .]
Row 1: [. 1:item-177 2:item-177 . .]
Row 2: [. . . . .]
Row 3: [. . . . .]
Row 4: [. . . . .]
Γ£à Item placement: PASSED
[Item] Created:  pocketLayout: null
[Item] Created:  pocketLayout: null
[Container] ===== PLACEMENT ATTEMPT =====
[Container] Item:  instanceId: item-1773900513720-p625szh
[Container] Target position: (1, 1) Size: 2x1
[Container] Current items in container: 0
[Container] Γ£à SUCCESS: Placed item:  at (1, 1) size: 2x1 instanceId: item-1773900513720-p625szh
[Container] Total items now: 1
[Container] Grid occupancy: Row 0: [. . . . .]
Row 1: [. 1:item-177 2:item-177 . .]
Row 2: [. . . . .]
Row 3: [. . . . .]
Row 4: [. . . . .]
[Container] ===== PLACEMENT ATTEMPT =====
[Container] Item:  instanceId: item-1773900513720-42h3o4r
[Container] Target position: (1, 1) Size: 2x1
[Container] Current items in container: 1
node : [Container] 
REJECT: Area not free 
for item:  at 1 1
At line:1 char:1
+ node 
tmp_run_tests.js > 
test_output.txt 2>&1
+ ~~~~~~~~~~~~~~~~~~~~
~~~~~~~~~~~~~~~~~~~~~~
~~
    + CategoryInfo    
          : NotSpeci  
  fied: ([Container   
 ] REJ...r item:      
at 1 1:String) []    
, RemoteException
    + FullyQualifiedE 
   rrorId : NativeCo  
  mmandError
 
[Container] Occupied 
cells: [
  { pos: '(1, 1)', 
itemId: 'item-17739005
13720-p625szh' },
  { pos: '(2, 1)', 
itemId: 'item-17739005
13720-p625szh' }
]
Γ£à Collision detection: PASSED
[Item] Created:  pocketLayout: null
[Item] Created:  pocketLayout: null
[Container] addItem called:  preferred: null null
[Container] Found available position: { x: 0, y: 0 } for item size: { width: 1, height: 1 }
[Container] ===== PLACEMENT ATTEMPT =====
[Container] Item:  instanceId: item-1773900513721-mwpyq8a
[Container] Target position: (0, 0) Size: 1x1
[Container] Current items in container: 0
[Container] Γ£à SUCCESS: Placed item:  at (0, 0) size: 1x1 instanceId: item-1773900513721-mwpyq8a
[Container] Total items now: 1
[Container] Grid occupancy: Row 0: [0:item-177 . . . .]
Row 1: [. . . . .]
Row 2: [. . . . .]
Row 3: [. . . . .]
Row 4: [. . . . .]
[Container] addItem called:  preferred: null null
[Container] Found available position: { x: 1, y: 0 } for item size: { width: 1, height: 1 }
[Container] ===== PLACEMENT ATTEMPT =====
[Container] Item:  instanceId: item-1773900513721-ciccuyh
[Container] Target position: (1, 0) Size: 1x1
[Container] Current items in container: 1
[Container] Γ£à SUCCESS: Placed item:  at (1, 0) size: 1x1 instanceId: item-1773900513721-ciccuyh
[Container] Total items now: 2
[Container] Grid occupancy: Row 0: [0:item-177 1:item-177 . . .]
Row 1: [. . . . .]
Row 2: [. . . . .]
Row 3: [. . . . .]
Row 4: [. . . . .]
Γ¥î Item stacking: 
FAILED Error: Item 
stacking failed
    at file:///C:/Game
s/AndroidBuilder/clien
t/src/game/inventory/_
_tests__/Container.tes
t.js:91:13
    at runTest (file:/
//C:/Games/AndroidBuil
der/client/src/game/in
ventory/__tests__/Cont
ainer.test.js:15:5)
    at 
runContainerTests (fil
e:///C:/Games/AndroidB
uilder/client/src/game
/inventory/__tests__/C
ontainer.test.js:82:3)
    at file:///C:/Game
s/AndroidBuilder/tmp_r
un_tests.js:5:17
    at ModuleJob.run (
node:internal/modules/
esm/module_job:413:25)
    at async onImport.
tracePromise.__proto__
 (node:internal/module
s/esm/loader:660:26)
    at async asyncRunE
ntryPointWithESMLoader
 (node:internal/module
s/run_main:101:5)
[Item] Created:  pocketLayout: null
[Container] ===== PLACEMENT ATTEMPT =====
[Container] Item:  instanceId: item-1773900513721-jnrx9j2
[Container] Target position: (1, 1) Size: 2x1
[Container] Current items in container: 0
[Container] Γ£à SUCCESS: Placed item:  at (1, 1) size: 2x1 instanceId: item-1773900513721-jnrx9j2
[Container] Total items now: 1
[Container] Grid occupancy: Row 0: [. . . . .]
Row 1: [. 1:item-177 2:item-177 . .]
Row 2: [. . . . .]
Row 3: [. . . . .]
Row 4: [. . . . .]
[Item] Created:  pocketLayout: null
[Container] ===== PLACEMENT ATTEMPT =====
[Container] Item:  instanceId: item-1773900513721-jnrx9j2
[Container] Target position: (1, 1) Size: 2x1
[Container] Current items in container: 0
[Container] Γ£à SUCCESS: Placed item:  at (1, 1) size: 2x1 instanceId: item-1773900513721-jnrx9j2
[Container] Total items now: 1
[Container] Grid occupancy: Row 0: [. . . . .]
Row 1: [. 1:item-177 2:item-177 . .]
Row 2: [. . . . .]
Row 3: [. . . . .]
Row 4: [. . . . .]
Γ¥î Container 
serialization: FAILED 
Error: Item 
serialization in 
container failed
    at file:///C:/Game
s/AndroidBuilder/clien
t/src/game/inventory/_
_tests__/Container.tes
t.js:109:13
    at runTest (file:/
//C:/Games/AndroidBuil
der/client/src/game/in
ventory/__tests__/Cont
ainer.test.js:15:5)
    at 
runContainerTests (fil
e:///C:/Games/AndroidB
uilder/client/src/game
/inventory/__tests__/C
ontainer.test.js:95:3)
    at file:///C:/Game
s/AndroidBuilder/tmp_r
un_tests.js:5:17
    at ModuleJob.run (
node:internal/modules/
esm/module_job:413:25)
    at async onImport.
tracePromise.__proto__
 (node:internal/module
s/esm/loader:660:26)
    at async asyncRunE
ntryPointWithESMLoader
 (node:internal/module
s/run_main:101:5)
[Item] Created:  pocketLayout: null
[Container] ===== PLACEMENT ATTEMPT =====
[Container] Item:  instanceId: item-1773900513722-xdufy2z
[Container] Target position: (0, 0) Size: 5x2
[Container] Current items in container: 0
[Container] Γ£à SUCCESS: Placed item:  at (0, 0) size: 5x2 instanceId: item-1773900513722-xdufy2z
[Container] Total items now: 1
[Container] Grid occupancy: Row 0: [0:item-177 1:item-177 2:item-177 3:item-177 4:item-177]
Row 1: [0:item-177 1:item-177 2:item-177 3:item-177 4:item-177]
Row 2: [. . . . .]
Row 3: [. . . . .]
Row 4: [. . . . .]
[Container] removeItemFromGrid:  at (0, 0) size 2x5
[Container] 
removeItemFromGrid 
PARTIAL: Cleared 4/10 
cells for .
[Container] ≡ƒ¢á∩╕Å EMERGENCY GRID CLEANUP for: item-1773900513722-xdufy2z
[Container] ≡ƒ¢á∩╕Å Emergency cleanup removed 6 additional cells.
[Container] ===== PLACEMENT ATTEMPT =====
[Container] Item:  instanceId: item-1773900513722-xdufy2z
[Container] Target position: (0, 0) Size: 2x5
[Container] Current items in container: 1
[Container] Item already in container, removing from old position: (0, 0)
[Container] removeItemFromGrid:  at (0, 0) size 2x5
[Container] 
removeItemFromGrid 
PARTIAL: Cleared 0/10 
cells for .
[Container] ≡ƒ¢á∩╕Å EMERGENCY GRID CLEANUP for: item-1773900513722-xdufy2z
[Container] Γ£à SUCCESS: Placed item:  at (0, 0) size: 2x5 instanceId: item-1773900513722-xdufy2z
[Container] Total items now: 1
[Container] Grid occupancy: Row 0: [0:item-177 1:item-177 . . .]
Row 1: [0:item-177 1:item-177 . . .]
Row 2: [0:item-177 1:item-177 . . .]
Row 3: [0:item-177 1:item-177 . . .]
Row 4: [0:item-177 1:item-177 . . .]
Γ£à Item rotation: PASSED
[Item] Created:  pocketLayout: null
Γ£à Drag-and-drop validation: PASSED
[Item] Created: 5.56mm Ammo pocketLayout: null
[Item] Created: 5.56mm Ammo pocketLayout: null
[Container] addItem called: 5.56mm Ammo preferred: null null
[Container] Found available position: { x: 0, y: 0 } for item size: { width: 1, height: 1 }
[Container] ===== PLACEMENT ATTEMPT =====
[Container] Item: 5.56mm Ammo instanceId: item-1773900513722-ygo7zc7
[Container] Target position: (0, 0) Size: 1x1
[Container] Current items in container: 0
[Container] Γ£à SUCCESS: Placed item: 5.56mm Ammo at (0, 0) size: 1x1 instanceId: item-1773900513722-ygo7zc7
[Container] Total items now: 1
[Container] Grid occupancy: Row 0: [0:item-177 . . . . .]
Row 1: [. . . . . .]
Row 2: [. . . . . .]
Row 3: [. . . . . .]
Row 4: [. . . . . .]
Row 5: [. . . . . .]
[Container] addItem called: 5.56mm Ammo preferred: null null
[Container] Found available position: { x: 1, y: 0 } for item size: { width: 1, height: 1 }
[Container] ===== PLACEMENT ATTEMPT =====
[Container] Item: 5.56mm Ammo instanceId: item-1773900513722-pgtmkid
[Container] Target position: (1, 0) Size: 1x1
[Container] Current items in container: 1
Γ¥î Partial stacking 
with overflow: FAILED 
Error: Expected 
stacks [25, 50], got 
[30, 45]
    at file:///C:/Game
s/AndroidBuilder/clien
t/src/game/inventory/_
_tests__/Container.tes
t.js:165:13
    at runTest (file:/
//C:/Games/AndroidBuil
der/client/src/game/in
ventory/__tests__/Cont
ainer.test.js:15:5)
    at 
runContainerTests (fil
e:///C:/Games/AndroidB
uilder/client/src/game
/inventory/__tests__/C
ontainer.test.js:149:3
)
    at file:///C:/Game
s/AndroidBuilder/tmp_r
un_tests.js:5:17
    at ModuleJob.run (
node:internal/modules/
esm/module_job:413:25)
    at async onImport.
tracePromise.__proto__
 (node:internal/module
s/esm/loader:660:26)
    at async asyncRunE
ntryPointWithESMLoader
 (node:internal/module
s/run_main:101:5)
Γ¥î Dynamic container 
creation from 
equipment: FAILED 
Error: Dynamic 
container not created 
for equipped vest
    at file:///C:/Game
s/AndroidBuilder/clien
t/src/game/inventory/_
_tests__/Container.tes
t.js:243:13
    at runTest (file:/
//C:/Games/AndroidBuil
der/client/src/game/in
ventory/__tests__/Cont
ainer.test.js:15:5)
    at 
runContainerTests (fil
e:///C:/Games/AndroidB
uilder/client/src/game
/inventory/__tests__/C
ontainer.test.js:226:3
)
    at file:///C:/Game
s/AndroidBuilder/tmp_r
un_tests.js:5:17
    at ModuleJob.run (
node:internal/modules/
esm/module_job:413:25)
    at async onImport.
tracePromise.__proto__
 (node:internal/module
s/esm/loader:660:26)
    at async asyncRunE
ntryPointWithESMLoader
 (node:internal/module
s/run_main:101:5)
Γ¥î Firearm 
attachment system: 
FAILED TypeError: 
rifle.addAttachment 
is not a function
    at file:///C:/Game
s/AndroidBuilder/clien
t/src/game/inventory/_
_tests__/Container.tes
t.js:304:26
    at runTest (file:/
//C:/Games/AndroidBuil
der/client/src/game/in
ventory/__tests__/Cont
ainer.test.js:15:5)
    at 
runContainerTests (fil
e:///C:/Games/AndroidB
uilder/client/src/game
/inventory/__tests__/C
ontainer.test.js:287:3
)
    at file:///C:/Game
s/AndroidBuilder/tmp_r
un_tests.js:5:17
    at ModuleJob.run (
node:internal/modules/
esm/module_job:413:25)
    at async onImport.
tracePromise.__proto__
 (node:internal/module
s/esm/loader:660:26)
    at async asyncRunE
ntryPointWithESMLoader
 (node:internal/module
s/run_main:101:5)
Γ¥î Equipment 
unequipping with 
inventory placement: 
FAILED TypeError: 
Cannot read 
properties of 
undefined (reading 
'items')
    at file:///C:/Game
s/AndroidBuilder/clien
t/src/game/inventory/_
_tests__/Container.tes
t.js:340:52
    at runTest (file:/
//C:/Games/AndroidBuil
der/client/src/game/in
ventory/__tests__/Cont
ainer.test.js:15:5)
    at 
runContainerTests (fil
e:///C:/Games/AndroidB
uilder/client/src/game
/inventory/__tests__/C
ontainer.test.js:318:3
)
    at file:///C:/Game
s/AndroidBuilder/tmp_r
un_tests.js:5:17
    at ModuleJob.run (
node:internal/modules/
esm/module_job:413:25)
    at async onImport.
tracePromise.__proto__
 (node:internal/module
s/esm/loader:660:26)
    at async asyncRunE
ntryPointWithESMLoader
 (node:internal/module
s/run_main:101:5)
Γ¥î Inventory manager 
serialization: FAILED 
Error: Equipment not 
properly restored
    at file:///C:/Game
s/AndroidBuilder/clien
t/src/game/inventory/_
_tests__/Container.tes
t.js:375:13
    at runTest (file:/
//C:/Games/AndroidBuil
der/client/src/game/in
ventory/__tests__/Cont
ainer.test.js:15:5)
    at 
runContainerTests (fil
e:///C:/Games/AndroidB
uilder/client/src/game
/inventory/__tests__/C
ontainer.test.js:350:3
)
    at file:///C:/Game
s/AndroidBuilder/tmp_r
un_tests.js:5:17
    at ModuleJob.run (
node:internal/modules/
esm/module_job:413:25)
    at async onImport.
tracePromise.__proto__
 (node:internal/module
s/esm/loader:660:26)
    at async asyncRunE
ntryPointWithESMLoader
 (node:internal/module
s/run_main:101:5)
[Container] Γ£à SUCCESS: Placed item: 5.56mm Ammo at (1, 0) size: 1x1 instanceId: item-1773900513722-pgtmkid
[Container] Total items now: 2
[Container] Grid occupancy: Row 0: [0:item-177 1:item-177 . . . .]
Row 1: [. . . . . .]
Row 2: [. . . . . .]
Row 3: [. . . . . .]
Row 4: [. . . . . .]
Row 5: [. . . . . .]
[Item] Created:  pocketLayout: null
[Item] Created:  pocketLayout: null
[Container] ===== PLACEMENT ATTEMPT =====
[Container] Item:  instanceId: item-1773900513723-sy3r6ms
[Container] Target position: (1, 1) Size: 1x2
[Container] Current items in container: 0
[Container] Γ£à SUCCESS: Placed item:  at (1, 1) size: 1x2 instanceId: item-1773900513723-sy3r6ms
[Container] Total items now: 1
[Container] Grid occupancy: Row 0: [. . . . . .]
Row 1: [. 1:item-177 . . . .]
Row 2: [. 1:item-177 . . . .]
Row 3: [. . . . . .]
Row 4: [. . . . . .]
Row 5: [. . . . . .]
Γ£à Orientation-agnostic stacking: PASSED
[Item] Created:  pocketLayout: null
[Container] addItem called:  preferred: null null
[Container] ===== PLACEMENT ATTEMPT =====
[Container] Item:  instanceId: item-1773900513723-e2le99t
[Container] Target position: (0, 8) Size: 2x8
[Container] Current items in container: 0
[Container] Γ£à SUCCESS: Placed item:  at (0, 8) size: 2x8 instanceId: item-1773900513723-e2le99t
[Container] Total items now: 1
[Container] Grid occupancy: Row 0: [. . . . .]
Row 1: [. . . . .]
Row 2: [. . . . .]
Row 3: [. . . . .]
Row 4: [. . . . .]
Row 5: [. . . . .]
Row 6: [. . . . .]
Row 7: [. . . . .]
Row 8: [0:item-177 1:item-177 . . .]
Row 9: [0:item-177 1:item-177 . . .]
Γ£à Auto-expanding ground container: PASSED
[Item] Created:  pocketLayout: null
[InventoryManager] Equipped item:  to slot: long_gun
Γ£à Equipment slot assignment: PASSED
[Item] Created:  pocketLayout: null
[Item] Container initialization deferred (will be created on first access) item-1773900513724-czh45tk
[InventoryManager] Equipped item:  to slot: upper_body
[Item] Created:  pocketLayout: null
[Item] Created:  pocketLayout: null
[Container] addItem called:  preferred: null null
[Container] Found available position: { x: 0, y: 0 } for item size: { width: 1, height: 1 }
[Container] ===== PLACEMENT ATTEMPT =====
[Container] Item:  instanceId: item-1773900513724-aph1h7o
[Container] Target position: (0, 0) Size: 1x1
[Container] Current items in container: 0
[Container] Γ£à SUCCESS: Placed item:  at (0, 0) size: 1x1 instanceId: item-1773900513724-aph1h7o
[Container] Total items now: 1
[Container] Grid occupancy: Row 0: [0:item-177 . . . . .]
Row 1: [. . . . . .]
Row 2: [. . . . . .]
Row 3: [. . . . . .]
Row 4: [. . . . . .]
Row 5: [. . . . . .]
Row 6: [. . . . . .]
Row 7: [. . . . . .]
Row 8: [. . . . . .]
Row 9: [. . . . . .]
[Container] Removing item:  instanceId: item-1773900513724-aph1h7o at (0, 0)
[Container] removeItemFromGrid:  at (0, 0) size 1x1
[Container] Γ£à REMOVAL SUCCESS:  Total remaining: 0
[InventoryManager] Equipped item:  to slot: upper_body
[Container] addItem called:  preferred: null null
[Container] Found available position: { x: 0, y: 0 } for item size: { width: 1, height: 1 }
[Container] ===== PLACEMENT ATTEMPT =====
[Container] Item:  instanceId: item-1773900513724-zc8ruwo
[Container] Target position: (0, 0) Size: 1x1
[Container] Current items in container: 0
[Container] Γ£à SUCCESS: Placed item:  at (0, 0) size: 1x1 instanceId: item-1773900513724-zc8ruwo
[Container] Total items now: 1
[Container] Grid occupancy: Row 0: [0:item-177 . . . . .]
Row 1: [. . . . . .]
Row 2: [. . . . . .]
Row 3: [. . . . . .]
Row 4: [. . . . . .]
Row 5: [. . . . . .]
Row 6: [. . . . . .]
Row 7: [. . . . . .]
Row 8: [. . . . . .]
Row 9: [. . . . . .]
[Container] addItem called:  preferred: null null
[Container] Found available position: { x: 1, y: 0 } for item size: { width: 1, height: 1 }
[Container] ===== PLACEMENT ATTEMPT =====
[Container] Item:  instanceId: item-1773900513724-aph1h7o
[Container] Target position: (1, 0) Size: 1x1
[Container] Current items in container: 1
[Container] Γ£à SUCCESS: Placed item:  at (1, 0) size: 1x1 instanceId: item-1773900513724-aph1h7o
[Container] Total items now: 2
[Container] Grid occupancy: Row 0: [0:item-177 1:item-177 . . . .]
Row 1: [. . . . . .]
Row 2: [. . . . . .]
Row 3: [. . . . . .]
Row 4: [. . . . . .]
Row 5: [. . . . . .]
Row 6: [. . . . . .]
Row 7: [. . . . . .]
Row 8: [. . . . . .]
Row 9: [. . . . . .]
[Container] Removing item:  instanceId: item-1773900513724-zc8ruwo at (0, 0)
[Container] removeItemFromGrid:  at (0, 0) size 1x1
[Container] Γ£à REMOVAL SUCCESS:  Total remaining: 1
[InventoryManager] Equipped item:  to slot: upper_body
Γ£à Equipment replacement: PASSED
[Item] Created:  pocketLayout: null
[Item] Created:  pocketLayout: null
[Item] Created:  pocketLayout: null
[Item] Container initialization deferred (will be created on first access) item-1773900513829-cbzvjw1
[InventoryManager] Equipped item:  to slot: backpack
[Container] addItem called:  preferred: null null
[Container] Found available position: { x: 0, y: 0 } for item size: { width: 3, height: 4 }
[Container] ===== PLACEMENT ATTEMPT =====
[Container] Item:  instanceId: item-1773900513829-cbzvjw1
[Container] Target position: (0, 0) Size: 3x4
[Container] Current items in container: 0
[Container] Γ£à SUCCESS: Placed item:  at (0, 0) size: 3x4 instanceId: item-1773900513829-cbzvjw1
[Container] Total items now: 1
[Container] Grid occupancy: Row 0: [0:item-177 1:item-177 2:item-177 . . .]
Row 1: [0:item-177 1:item-177 2:item-177 . . .]
Row 2: [0:item-177 1:item-177 2:item-177 . . .]
Row 3: [0:item-177 1:item-177 2:item-177 . . .]
Row 4: [. . . . . .]
Row 5: [. . . . . .]
Row 6: [. . . . . .]
Row 7: [. . . . . .]
Row 8: [. . . . . .]
Row 9: [. . . . . .]
[Item] Created:  pocketLayout: null
[Item] Created:  pocketLayout: null
[InventoryManager] Equipped item:  to slot: long_gun
[Container] addItem called:  preferred: null null
[Container] Found available position: { x: 0, y: 0 } for item size: { width: 1, height: 1 }
[Container] ===== PLACEMENT ATTEMPT =====
[Container] Item:  instanceId: item-1773900513829-nmt7cbz
[Container] Target position: (0, 0) Size: 1x1
[Container] Current items in container: 0
[Container] Γ£à SUCCESS: Placed item:  at (0, 0) size: 1x1 instanceId: item-1773900513829-nmt7cbz
[Container] Total items now: 1
[Container] Grid occupancy: Row 0: [0:item-177 . . . . .]
Row 1: [. . . . . .]
Row 2: [. . . . . .]
Row 3: [. . . . . .]
Row 4: [. . . . . .]
Row 5: [. . . . . .]
Row 6: [. . . . . .]
Row 7: [. . . . . .]
Row 8: [. . . . . .]
Row 9: [. . . . . .]
[Item] Created:  pocketLayout: null
[Container] ===== PLACEMENT ATTEMPT =====
[Container] Item:  instanceId: item-1773900513829-nmt7cbz
[Container] Target position: (0, 0) Size: 1x1
[Container] Current items in container: 0
[Container] Γ£à SUCCESS: Placed item:  at (0, 0) size: 1x1 instanceId: item-1773900513829-nmt7cbz
[Container] Total items now: 1
[Container] Grid occupancy: Row 0: [0:item-177 . . . . .]
Row 1: [. . . . . .]
Row 2: [. . . . . .]
Row 3: [. . . . . .]
Row 4: [. . . . . .]
Row 5: [. . . . . .]
Row 6: [. . . . . .]
Row 7: [. . . . . .]
Row 8: [. . . . . .]
Row 9: [. . . . . .]
[Item] Created:  pocketLayout: null

=== INVENTORY SYSTEM TEST RESULTS ===
Γ£à Container creation: PASSED
Γ£à Item creation: PASSED
Γ£à isChargeBased method: PASSED
Γ£à Item placement: PASSED
Γ£à Collision detection: PASSED
Γ¥î Item stacking: FAILED - Item stacking failed
Γ¥î Container serialization: FAILED - Item serialization in container failed
Γ£à Item rotation: PASSED
Γ£à Drag-and-drop validation: PASSED
Γ¥î Partial stacking with overflow: FAILED - Expected stacks [25, 50], got [30, 45]
Γ£à Orientation-agnostic stacking: PASSED
Γ£à Auto-expanding ground container: PASSED
Γ£à Equipment slot assignment: PASSED
Γ¥î Dynamic container creation from equipment: FAILED - Dynamic container not created for equipped vest
Γ£à Equipment replacement: PASSED
Γ¥î Firearm attachment system: FAILED - rifle.addAttachment is not a function
Γ¥î Equipment unequipping with inventory placement: FAILED - Cannot read properties of undefined (reading 'items')
Γ¥î Inventory manager serialization: FAILED - Equipment not properly restored

≡ƒôè Results: 11 passed, 7 failed
ΓÜá∩╕Å  Some tests failed. Please review the implementation.
--- TEST RESULTS ---
Γ£à Container creation: PASSED
Γ£à Item creation: PASSED
Γ£à isChargeBased method: PASSED
Γ£à Item placement: PASSED
Γ£à Collision detection: PASSED
Γ¥î Item stacking: FAILED - Item stacking failed
Γ¥î Container serialization: FAILED - Item serialization in container failed
Γ£à Item rotation: PASSED
Γ£à Drag-and-drop validation: PASSED
Γ¥î Partial stacking with overflow: FAILED - Expected stacks [25, 50], got [30, 45]
Γ£à Orientation-agnostic stacking: PASSED
Γ£à Auto-expanding ground container: PASSED
Γ£à Equipment slot assignment: PASSED
Γ¥î Dynamic container creation from equipment: FAILED - Dynamic container not created for equipped vest
Γ£à Equipment replacement: PASSED
Γ¥î Firearm attachment system: FAILED - rifle.addAttachment is not a function
Γ¥î Equipment unequipping with inventory placement: FAILED - Cannot read properties of undefined (reading 'items')
Γ¥î Inventory manager serialization: FAILED - Equipment not properly restored
--- END TESTS ---
